[31m
 ‹‹‹‹‹‹‹‹‹‹‹‹‹‹‹‹‹‹‹‹‹‹‹‹‹‹‹‹‹‹‹‹‹‹‹‹
  ±±±±±±±±±±±±±±±±±±±±±±±±±±±±±±±±±±±±±±±±±±±±±±±±±±±±±±±±±±±±±±±±±±±±±±±±±±±
                                    ﬂﬂﬂﬂﬂﬂﬂﬂﬂﬂﬂﬂﬂﬂﬂﬂﬂﬂﬂﬂﬂﬂﬂﬂﬂﬂﬂﬂﬂﬂﬂﬂﬂﬂﬂﬂﬂﬂﬂﬂﬂﬂ
[1;31m
    ‹€ﬂﬂ€‹      ‹                          €ﬂﬂﬂ€‹
    €    ﬂ€    €ﬂ€     €ﬂﬂﬂﬂ€ ﬂ€   €ﬂ     €€    ﬂ€  €ﬂﬂﬂﬂﬂ€  €ﬂﬂﬂﬂﬂ€  €ﬂﬂﬂﬂ‹
    €   ‹ﬂ    €ﬂ €    €ﬂ       €  €ﬂ     €€     €  €     €  €     €  €‹‹‹‹ﬂ
    €    ﬂ‹  €ﬂ€‹ﬂ€  €ﬂ        €ﬂ€ﬂ     €€     €  €     €  €     €  €  €
    €€   €ﬂ  €    ﬂ€ ﬂ€‹‹‹‹€   € ﬂ€‹   €€    ‹€  €‹‹‹‹‹€  €‹‹‹‹‹€  €   €‹
     ﬂﬂﬂﬂ                              €‹‹‹‹€ﬂ      
[0;31m
 ‹‹‹‹‹‹‹‹‹‹‹‹‹‹‹‹‹‹‹‹‹‹‹‹‹‹‹‹‹‹‹‹‹‹‹‹
  ±±±±±±±±±±±±±±±±±±±±±±±±±±±±±±±±±±±±±±±±±±±±±±±±±±±±±±±±±±±±±±±±±±±±±±±±±±±
                                    ﬂﬂﬂﬂﬂﬂﬂﬂﬂﬂﬂﬂﬂﬂﬂﬂﬂﬂﬂﬂﬂﬂﬂﬂﬂﬂﬂﬂﬂﬂﬂﬂﬂﬂﬂﬂﬂﬂﬂﬂﬂﬂ
[0m
